<html>
<body>
<pre>
<h1>µVision Build Log</h1>
<h2>Tool Versions:</h2>
IDE-Version: •ÏVision V5.39.0.0
Copyright (C) 2023 ARM Ltd and ARM Germany GmbH. All rights reserved.
License Information: shin yohan, cbnu, LIC=----
 
Tool Versions:
Toolchain:       MDK-Lite  Version: 5.39.0.0
Toolchain Path:  C:\Keil_v5\ARM\Bin
C Compiler:      Armcc.exe
Assembler:       Armasm.exe V5.01.0.94
Linker/Locator:  ArmLink.exe V5.01.0.94
Library Manager: ArmAr.exe V5.01.0.94
Hex Converter:   FromElf.exe V5.01.0.94
CPU DLL:         SARMCM3.DLL V5.39.0.0
Dialog DLL:      DCM.DLL V1.17.5.0
Target DLL:      UL2CM3.DLL V1.164.9.0
Dialog DLL:      TCM.DLL V1.56.4.0
 
<h2>Project:</h2>
C:\Users\ssubf\Downloads\Moebius_stm32f103rct6_1.0.4\Moebius_stm32f103rct6_1.0.4\Moebius.uvprojx
Project File Date:  02/27/2024

<h2>Output:</h2>
*** Using Compiler 'V5.01 [Build 94] [Professional]', folder: 'C:\Keil_v5\ARM\Bin'
Build target 'Target 1'
compiling control.c...
linking...
Program Size: Code=35200 RO-data=3800 RW-data=496 ZI-data=1712  
FromELF: creating hex file...
".\OBJ\Moebius.axf" - 0 Error(s), 0 Warning(s).

<h2>Software Packages used:</h2>

Package Vendor: Keil
                https://www.keil.com/pack/Keil.STM32F1xx_DFP.2.4.1.pack
                Keil::STM32F1xx_DFP@2.4.1
                STMicroelectronics STM32F1 Series Device Support, Drivers and Examples

<h2>Collection of Component include folders:</h2>
  C:/Users/ssubf/AppData/Local/Arm/Packs/Keil/STM32F1xx_DFP/2.4.1/Device/Include

<h2>Collection of Component Files used:</h2>
Build Time Elapsed:  00:00:01
</pre>
</body>
</html>
