ARM Linker, 5.01 [Build 94] [Professional]

==============================================================================

Section Cross References

    moebius.o(.text) refers to led.o(.text) for LED_Init
    moebius.o(.text) refers to key.o(.text) for KEY_Init
    moebius.o(.text) refers to usart.o(.text) for USART1_Init
    moebius.o(.text) refers to bluetooth.o(.text) for USART3_Init
    moebius.o(.text) refers to motor.o(.text) for MiniBalance_PWM_Init
    moebius.o(.text) refers to adc.o(.text) for Adc_Init
    moebius.o(.text) refers to pstwo.o(.text) for PS2_Init
    moebius.o(.text) refers to ioi2c.o(.text) for IIC_Init
    moebius.o(.text) refers to mpu6050.o(.text) for MPU6050_initialize
    moebius.o(.text) refers to encoder.o(.text) for Encoder_Init_TIM2
    moebius.o(.text) refers to exti.o(.text) for EXTI15_Init
    moebius.o(.text) refers to control.o(.text) for EXTI15_10_IRQHandler
    moebius.o(.text) refers to systick.o(.text) for delay_ms
    moebius.o(.text) refers to printf3.o(i.__0printf$3) for __2printf
    moebius.o(.text) refers to moebius.o(.data) for PS2_KEY
    moebius.o(.text) refers to control.o(.data) for PS2_BLU
    startup_stm32f10x_hd.o(RESET) refers to startup_stm32f10x_hd.o(STACK) for __initial_sp
    startup_stm32f10x_hd.o(RESET) refers to startup_stm32f10x_hd.o(.text) for Reset_Handler
    startup_stm32f10x_hd.o(RESET) refers to encoder.o(.text) for TIM2_IRQHandler
    startup_stm32f10x_hd.o(RESET) refers to usart.o(.text) for USART1_IRQHandler
    startup_stm32f10x_hd.o(RESET) refers to bluetooth.o(.text) for USART3_IRQHandler
    startup_stm32f10x_hd.o(RESET) refers to control.o(.text) for EXTI15_10_IRQHandler
    startup_stm32f10x_hd.o(.text) refers to system_stm32f10x.o(.text) for SystemInit
    startup_stm32f10x_hd.o(.text) refers to entry.o(.ARM.Collect$$$$00000000) for __main
    stm32f10x_gpio.o(.text) refers to stm32f10x_rcc.o(.text) for RCC_APB2PeriphResetCmd
    stm32f10x_rcc.o(.text) refers to stm32f10x_rcc.o(.data) for APBAHBPrescTable
    stm32f10x_tim.o(.text) refers to stm32f10x_rcc.o(.text) for RCC_APB2PeriphResetCmd
    stm32f10x_usart.o(.text) refers to stm32f10x_rcc.o(.text) for RCC_APB2PeriphResetCmd
    stm32f10x_bkp.o(.text) refers to stm32f10x_rcc.o(.text) for RCC_BackupResetCmd
    stm32f10x_pwr.o(.text) refers to stm32f10x_rcc.o(.text) for RCC_APB1PeriphResetCmd
    system_stm32f10x.o(.text) refers to system_stm32f10x.o(.data) for SystemCoreClock
    led.o(.text) refers to stm32f10x_rcc.o(.text) for RCC_APB2PeriphClockCmd
    led.o(.text) refers to stm32f10x_gpio.o(.text) for GPIO_Init
    key.o(.text) refers to stm32f10x_rcc.o(.text) for RCC_APB2PeriphClockCmd
    key.o(.text) refers to stm32f10x_gpio.o(.text) for GPIO_Init
    motor.o(.text) refers to stm32f10x_rcc.o(.text) for RCC_APB2PeriphClockCmd
    motor.o(.text) refers to stm32f10x_gpio.o(.text) for GPIO_PinRemapConfig
    motor.o(.text) refers to stm32f10x_tim.o(.text) for TIM_SetCompare3
    encoder.o(.text) refers to sys.o(.text) for MY_NVIC_Init
    bluetooth.o(.text) refers to malloc.o(i.malloc) for malloc
    bluetooth.o(.text) refers to printf3.o(i.__0printf$3) for __2printf
    bluetooth.o(.text) refers to malloc.o(i.free) for free
    bluetooth.o(.text) refers to stm32f10x_usart.o(.text) for USART_SendData
    bluetooth.o(.text) refers to stm32f10x_rcc.o(.text) for RCC_APB2PeriphClockCmd
    bluetooth.o(.text) refers to stm32f10x_gpio.o(.text) for GPIO_PinRemapConfig
    bluetooth.o(.text) refers to misc.o(.text) for NVIC_Init
    bluetooth.o(.text) refers to bluetooth.o(.data) for Uart_Queue
    adc.o(.text) refers to dfltui.o(.text) for __aeabi_ui2d
    adc.o(.text) refers to dmul.o(.text) for __aeabi_dmul
    adc.o(.text) refers to ddiv.o(.text) for __aeabi_ddiv
    adc.o(.text) refers to dfixi.o(.text) for __aeabi_d2iz
    ioi2c.o(.text) refers to systick.o(.text) for delay_us
    mpu6050.o(.text) refers to inv_mpu.o(.text) for mpu_run_self_test
    mpu6050.o(.text) refers to fflti.o(.text) for __aeabi_i2f
    mpu6050.o(.text) refers to fmul.o(.text) for __aeabi_fmul
    mpu6050.o(.text) refers to ffixi.o(.text) for __aeabi_f2iz
    mpu6050.o(.text) refers to inv_mpu_dmp_motion_driver.o(.text) for dmp_set_gyro_bias
    mpu6050.o(.text) refers to printf3.o(i.__0printf$3) for __2printf
    mpu6050.o(.text) refers to ioi2c.o(.text) for IICwriteBits
    mpu6050.o(.text) refers to fdiv.o(.text) for __aeabi_fdiv
    mpu6050.o(.text) refers to mpu6050.o(.bss) for MPU6050_FIFO
    mpu6050.o(.text) refers to mpu6050.o(.data) for gyro_orientation
    mpu6050.o(.text) refers to fadd.o(.text) for __aeabi_fadd
    mpu6050.o(.text) refers to f2d.o(.text) for __aeabi_f2d
    mpu6050.o(.text) refers to asin.o(i.asin) for asin
    mpu6050.o(.text) refers to dmul.o(.text) for __aeabi_dmul
    mpu6050.o(.text) refers to d2f.o(.text) for __aeabi_d2f
    mpu6050.o(.text) refers to atan2.o(i.atan2) for atan2
    mpu6050.o(.text) refers to cfrcmple.o(.text) for __aeabi_cfrcmple
[...]
    cdcmple.s                                0x00000000   Number         0  cdcmple.o ABSOLUTE
    cdrcmple.s                               0x00000000   Number         0  cdrcmple.o ABSOLUTE
    cfcmple.s                                0x00000000   Number         0  cfcmple.o ABSOLUTE
    cfrcmple.s                               0x00000000   Number         0  cfrcmple.o ABSOLUTE
    dc.s                                     0x00000000   Number         0  dc.o ABSOLUTE
    handlers.s                               0x00000000   Number         0  handlers.o ABSOLUTE
    init.s                                   0x00000000   Number         0  init.o ABSOLUTE
    RESET                                    0x08000000   Section      304  startup_stm32f10x_hd.o(RESET)
    .ARM.Collect$$$$00000000                 0x08000130   Section        0  entry.o(.ARM.Collect$$$$00000000)
    .ARM.Collect$$$$00000001                 0x08000130   Section        4  entry2.o(.ARM.Collect$$$$00000001)
    .ARM.Collect$$$$00000004                 0x08000134   Section        4  entry5.o(.ARM.Collect$$$$00000004)
    .ARM.Collect$$$$00000008                 0x08000138   Section        0  entry7b.o(.ARM.Collect$$$$00000008)
    .ARM.Collect$$$$00000009                 0x08000138   Section        8  entry8.o(.ARM.Collect$$$$00000009)
    .ARM.Collect$$$$00002712                 0x08000140   Section        4  entry2.o(.ARM.Collect$$$$00002712)
    __lit__00000000                          0x08000140   Data           4  entry2.o(.ARM.Collect$$$$00002712)
    .text                                    0x08000144   Section        0  moebius.o(.text)
    .text                                    0x08000260   Section       36  startup_stm32f10x_hd.o(.text)
    .text                                    0x08000284   Section        0  misc.o(.text)
    .text                                    0x08000360   Section        0  stm32f10x_gpio.o(.text)
    .text                                    0x080006b8   Section        0  stm32f10x_rcc.o(.text)
    .text                                    0x08000a58   Section        0  stm32f10x_tim.o(.text)
    TI4_Config                               0x08000ee3   Thumb Code   118  stm32f10x_tim.o(.text)
    TI3_Config                               0x08000f6b   Thumb Code   114  stm32f10x_tim.o(.text)
    TI2_Config                               0x08000ff3   Thumb Code   118  stm32f10x_tim.o(.text)
    TI1_Config                               0x0800107b   Thumb Code   106  stm32f10x_tim.o(.text)
    .text                                    0x08001808   Section        0  stm32f10x_usart.o(.text)
    .text                                    0x08001c14   Section        0  system_stm32f10x.o(.text)
    SetSysClockTo72                          0x08001c15   Thumb Code   192  system_stm32f10x.o(.text)
    SetSysClock                              0x08001cd5   Thumb Code     8  system_stm32f10x.o(.text)
    .text                                    0x08001ddc   Section        0  led.o(.text)
    .text                                    0x08001e14   Section        0  key.o(.text)
    .text                                    0x08001e3c   Section        0  motor.o(.text)
    .text                                    0x0800205c   Section        0  encoder.o(.text)
    .text                                    0x08002490   Section        0  bluetooth.o(.text)
    .text                                    0x08002718   Section        0  adc.o(.text)
    .text                                    0x080028f0   Section        0  ioi2c.o(.text)
    .text                                    0x08002e00   Section        0  mpu6050.o(.text)
    inv_row_2_scale                          0x08002e01   Thumb Code    78  mpu6050.o(.text)
    inv_orientation_matrix_to_scalar         0x08002e4f   Thumb Code    40  mpu6050.o(.text)
    run_self_test                            0x08002e77   Thumb Code   150  mpu6050.o(.text)
    .text                                    0x080036f0   Section        0  inv_mpu.o(.text)
    set_int_enable                           0x080036f1   Thumb Code   138  inv_mpu.o(.text)
    get_accel_prod_shift                     0x08004939   Thumb Code   168  inv_mpu.o(.text)
    accel_self_test                          0x080049e1   Thumb Code   160  inv_mpu.o(.text)
    gyro_self_test                           0x08004a81   Thumb Code   276  inv_mpu.o(.text)
    get_st_biases                            0x08004b95   Thumb Code  1174  inv_mpu.o(.text)
    .text                                    0x080055a0   Section        0  inv_mpu_dmp_motion_driver.o(.text)
    decode_gesture                           0x08006081   Thumb Code    94  inv_mpu_dmp_motion_driver.o(.text)
    .text                                    0x08006338   Section        0  control.o(.text)
    .text                                    0x08006ec8   Section        0  exti.o(.text)
    .text                                    0x08006f1c   Section        0  pstwo.o(.text)
    .text                                    0x08007368   Section        0  sys.o(.text)
    .text                                    0x08007514   Section        0  systick.o(.text)
    .text                                    0x08007580   Section        0  usart.o(.text)
    .text                                    0x08007694   Section        0  ldiv.o(.text)
    .text                                    0x080076ee   Section        0  llshl.o(.text)
    .text                                    0x0800770c   Section        0  llsshr.o(.text)
    .text                                    0x08007730   Section        0  memseta.o(.text)
    .text                                    0x08007756   Section        0  memcmp.o(.text)
    .text                                    0x08007770   Section        0  fadd.o(.text)
    .text                                    0x08007820   Section        0  fmul.o(.text)
    .text                                    0x0800788c   Section        0  fdiv.o(.text)
    .text                                    0x0800790c   Section        0  dadd.o(.text)
    .text                                    0x08007a5c   Section        0  dmul.o(.text)
    .text                                    0x08007b3c   Section        0  ddiv.o(.text)
    .text                                    0x08007c1a   Section        0  fflti.o(.text)
    .text                                    0x08007c2c   Section        0  ffltui.o(.text)
    .text                                    0x08007c36   Section        0  dfltui.o(.text)
    .text                                    0x08007c50   Section        0  ffixi.o(.text)
    .text                                    0x08007c82   Section        0  ffixui.o(.text)
    .text                                    0x08007caa   Section        0  dfixi.o(.text)
    .text                                    0x08007ce8   Section        0  f2d.o(.text)
    .text                                    0x08007d14   Section        0  d2f.o(.text)
    .text                                    0x08007d4c   Section       20  cfcmple.o(.text)
    .text                                    0x08007d60   Section       20  cfrcmple.o(.text)
    .text                                    0x08007d74   Section        0  uidiv.o(.text)
    .text                                    0x08007da0   Section        0  uldiv.o(.text)
    .text                                    0x08007e02   Section        0  llushr.o(.text)
    .text                                    0x08007e22   Section        0  fepilogue.o(.text)
    .text                                    0x08007e22   Section        0  iusefp.o(.text)
    .text                                    0x08007e8e   Section        0  depilogue.o(.text)
    .text                                    0x08007f4c   Section        0  dscalb.o(.text)
    .text                                    0x08007f7c   Section       36  init.o(.text)
    .text                                    0x08007fa0   Section        0  dsqrt.o(.text)
    .text                                    0x08008042   Section        0  __dczerorl2.o(.text)
    i.__0printf$3                            0x080080a0   Section        0  printf3.o(i.__0printf$3)
    i.__ARM_fpclassify                       0x080080c0   Section        0  fpclassify.o(i.__ARM_fpclassify)
    i.__kernel_poly                          0x080080e8   Section        0  poly.o(i.__kernel_poly)
    i.__mathlib_dbl_underflow                0x08008194   Section        0  dunder.o(i.__mathlib_dbl_underflow)
    i.__scatterload_copy                     0x080081a4   Section       14  handlers.o(i.__scatterload_copy)
    i.__scatterload_null                     0x080081b2   Section        2  handlers.o(i.__scatterload_null)
    i.__scatterload_zeroinit                 0x080081b4   Section       14  handlers.o(i.__scatterload_zeroinit)
    i.__set_errno                            0x080081c4   Section        0  errno.o(i.__set_errno)
    i._printf_core                           0x080081d0   Section        0  printf3.o(i._printf_core)
    _printf_core                             0x080081d1   Thumb Code   432  printf3.o(i._printf_core)
    i.asin                                   0x08008384   Section        0  asin.o(i.asin)
    i.atan                                   0x08008600   Section        0  atan.o(i.atan)
    i.atan2                                  0x08008824   Section        0  atan2.o(i.atan2)
    i.free                                   0x080089a4   Section        0  malloc.o(i.free)
    i.malloc                                 0x080089f4   Section        0  malloc.o(i.malloc)
    i.sqrt                                   0x08008a60   Section        0  sqrt.o(i.sqrt)
    .constdata                               0x08008ab0   Section      158  inv_mpu.o(.constdata)
    .constdata                               0x08008b4e   Section     3062  inv_mpu_dmp_motion_driver.o(.constdata)
    dmp_memory                               0x08008b4e   Data        3062  inv_mpu_dmp_motion_driver.o(.constdata)
    .constdata                               0x08009748   Section       80  asin.o(.constdata)
    pS                                       0x08009748   Data          48  asin.o(.constdata)
    qS                                       0x08009778   Data          32  asin.o(.constdata)
    .constdata                               0x08009798   Section      152  atan.o(.constdata)
    atanhi                                   0x08009798   Data          32  atan.o(.constdata)
    atanlo                                   0x080097b8   Data          32  atan.o(.constdata)
    aTodd                                    0x080097d8   Data          40  atan.o(.constdata)
    aTeven                                   0x08009800   Data          48  atan.o(.constdata)
    .constdata                               0x08009830   Section        8  qnan.o(.constdata)
    .data                                    0x20000000   Section      220  moebius.o(.data)
    .data                                    0x200000dc   Section       20  stm32f10x_rcc.o(.data)
    APBAHBPrescTable                         0x200000dc   Data          16  stm32f10x_rcc.o(.data)
    ADCPrescTable                            0x200000ec   Data           4  stm32f10x_rcc.o(.data)
    .data                                    0x200000f0   Section       20  system_stm32f10x.o(.data)
    .data                                    0x20000104   Section        8  bluetooth.o(.data)
    .data                                    0x2000010c   Section       46  mpu6050.o(.data)
    gyro_orientation                         0x2000011c   Data           9  mpu6050.o(.data)
    .data                                    0x2000013c   Section       44  inv_mpu.o(.data)
    st                                       0x2000013c   Data          44  inv_mpu.o(.data)
    .data                                    0x20000168   Section       80  control.o(.data)
    Bias                                     0x20000170   Data           4  control.o(.data)
    Pwm                                      0x20000174   Data           4  control.o(.data)
    Last_bias                                0x20000178   Data           4  control.o(.data)
    Bias                                     0x2000017c   Data           4  control.o(.data)
    Pwm                                      0x20000180   Data           4  control.o(.data)
    Last_bias                                0x20000184   Data           4  control.o(.data)
    Bias                                     0x20000188   Data           4  control.o(.data)
    Pwm                                      0x2000018c   Data           4  control.o(.data)
    Last_bias                                0x20000190   Data           4  control.o(.data)
    Bias                                     0x20000194   Data           4  control.o(.data)
    Pwm                                      0x20000198   Data           4  control.o(.data)
    Last_bias                                0x2000019c   Data           4  control.o(.data)
    .data                                    0x200001b8   Section       36  pstwo.o(.data)
    .data                                    0x200001dc   Section        1  usart.o(.data)
    .data                                    0x200001e0   Section        4  stdout.o(.data)
    .data                                    0x200001e4   Section        4  mvars.o(.data)
    .data                                    0x200001e8   Section        4  mvars.o(.data)
    .data                                    0x200001ec   Section        4  errno.o(.data)
    _errno                                   0x200001ec   Data           4  errno.o(.data)
    .bss                                     0x200001f0   Section      146  mpu6050.o(.bss)
    .bss                                     0x20000284   Section       16  inv_mpu_dmp_motion_driver.o(.bss)
    dmp                                      0x20000284   Data          16  inv_mpu_dmp_motion_driver.o(.bss)
    .bss                                     0x20000294   Section        9  pstwo.o(.bss)
    HEAP                                     0x200002a0   Section      512  startup_stm32f10x_hd.o(HEAP)
    STACK                                    0x200004a0   Section     1024  startup_stm32f10x_hd.o(STACK)

    Global Symbols

    Symbol Name                              Value     Ov Type        Size  Object(Section)

    BuildAttributes$$THM_ISAv4$P$D$K$B$S$PE$A:L22UL41UL21$X:L11$S22US41US21$IEEE1$IW$USESV6$~STKCKD$USESV7$~SHL$OTIME$ROPI$IEEEX$EBA8$MICROLIB$REQ8$PRES8$EABIv2 0x00000000   Number         0  anon$$obj.o ABSOLUTE
    __ARM_use_no_argv                        0x00000000   Number         0  moebius.o ABSOLUTE
    _printf_a                                0x00000000   Number         0  stubs.o ABSOLUTE
    _printf_c                                0x00000000   Number         0  stubs.o ABSOLUTE
    _printf_charcount                        0x00000000   Number         0  stubs.o ABSOLUTE
    _printf_d                                0x00000000   Number         0  stubs.o ABSOLUTE
    _printf_e                                0x00000000   Number         0  stubs.o ABSOLUTE
    _printf_f                                0x00000000   Number         0  stubs.o ABSOLUTE
    _printf_flags                            0x00000000   Number         0  stubs.o ABSOLUTE
    _printf_fp_dec                           0x00000000   Number         0  stubs.o ABSOLUTE
    _printf_fp_hex                           0x00000000   Number         0  stubs.o ABSOLUTE
    _printf_g                                0x00000000   Number         0  stubs.o ABSOLUTE
    _printf_i                                0x00000000   Number         0  stubs.o ABSOLUTE
    _printf_int_dec                          0x00000000   Number         0  stubs.o ABSOLUTE
    _printf_l                                0x00000000   Number         0  stubs.o ABSOLUTE
    _printf_lc                               0x00000000   Number         0  stubs.o ABSOLUTE
    _printf_ll                               0x00000000   Number         0  stubs.o ABSOLUTE
    _printf_lld                              0x00000000   Number         0  stubs.o ABSOLUTE
    _printf_lli                              0x00000000   Number         0  stubs.o ABSOLUTE
    _printf_llo                              0x00000000   Number         0  stubs.o ABSOLUTE
    _printf_llu                              0x00000000   Number         0  stubs.o ABSOLUTE
    _printf_llx                              0x00000000   Number         0  stubs.o ABSOLUTE
    _printf_longlong_dec                     0x00000000   Number         0  stubs.o ABSOLUTE
    _printf_longlong_hex                     0x00000000   Number         0  stubs.o ABSOLUTE
    _printf_longlong_oct                     0x00000000   Number         0  stubs.o ABSOLUTE
    _printf_ls                               0x00000000   Number         0  stubs.o ABSOLUTE
    _printf_mbtowc                           0x00000000   Number         0  stubs.o ABSOLUTE
    _printf_n                                0x00000000   Number         0  stubs.o ABSOLUTE
    _printf_o                                0x00000000   Number         0  stubs.o ABSOLUTE
    _printf_p                                0x00000000   Number         0  stubs.o ABSOLUTE
    _printf_percent                          0x00000000   Number         0  stubs.o ABSOLUTE
    _printf_pre_padding                      0x00000000   Number         0  stubs.o ABSOLUTE
    _printf_return_value                     0x00000000   Number         0  stubs.o ABSOLUTE
    _printf_s                                0x00000000   Number         0  stubs.o ABSOLUTE
    _printf_sizespec                         0x00000000   Number         0  stubs.o ABSOLUTE
    _printf_str                              0x00000000   Number         0  stubs.o ABSOLUTE
    _printf_truncate_signed                  0x00000000   Number         0  stubs.o ABSOLUTE
    _printf_truncate_unsigned                0x00000000   Number         0  stubs.o ABSOLUTE
    _printf_u                                0x00000000   Number         0  stubs.o ABSOLUTE
    _printf_wc                               0x00000000   Number         0  stubs.o ABSOLUTE
    _printf_wctomb                           0x00000000   Number         0  stubs.o ABSOLUTE
    _printf_widthprec                        0x00000000   Number         0  stubs.o ABSOLUTE
    _printf_x                                0x00000000   Number         0  stubs.o ABSOLUTE
    _clock_init                               - Undefined Weak Reference
    __Vectors_Size                           0x00000130   Number         0  startup_stm32f10x_hd.o ABSOLUTE
    __Vectors                                0x08000000   Data           4  startup_stm32f10x_hd.o(RESET)
    __Vectors_End                            0x08000130   Data           0  startup_stm32f10x_hd.o(RESET)
    __main                                   0x08000131   Thumb Code     0  entry.o(.ARM.Collect$$$$00000000)
    _main_stk                                0x08000131   Thumb Code     0  entry2.o(.ARM.Collect$$$$00000001)
    _main_scatterload                        0x08000135   Thumb Code     0  entry5.o(.ARM.Collect$$$$00000004)
    __main_after_scatterload                 0x08000139   Thumb Code     0  entry5.o(.ARM.Collect$$$$00000004)
    _main_clock                              0x08000139   Thumb Code     0  entry7b.o(.ARM.Collect$$$$00000008)
    _main_init                               0x08000139   Thumb Code     0  entry8.o(.ARM.Collect$$$$00000009)
    Peripheral_Init                          0x08000145   Thumb Code    78  moebius.o(.text)
    main                                     0x08000193   Thumb Code    20  moebius.o(.text)
    main__                                   0x080001a7   Thumb Code   156  moebius.o(.text)
    Reset_Handler                            0x08000261   Thumb Code     8  startup_stm32f10x_hd.o(.text)
    NMI_Handler                              0x08000269   Thumb Code     2  startup_stm32f10x_hd.o(.text)
    HardFault_Handler                        0x0800026b   Thumb Code     2  startup_stm32f10x_hd.o(.text)
    MemManage_Handler                        0x0800026d   Thumb Code     2  startup_stm32f10x_hd.o(.text)
    BusFault_Handler                         0x0800026f   Thumb Code     2  startup_stm32f10x_hd.o(.text)
    UsageFault_Handler                       0x08000271   Thumb Code     2  startup_stm32f10x_hd.o(.text)
    SVC_Handler                              0x08000273   Thumb Code     2  startup_stm32f10x_hd.o(.text)
    DebugMon_Handler                         0x08000275   Thumb Code     2  startup_stm32f10x_hd.o(.text)
    PendSV_Handler                           0x08000277   Thumb Code     2  startup_stm32f10x_hd.o(.text)
    SysTick_Handler                          0x08000279   Thumb Code     2  startup_stm32f10x_hd.o(.text)
    ADC1_2_IRQHandler                        0x0800027b   Thumb Code     0  startup_stm32f10x_hd.o(.text)
    ADC3_IRQHandler                          0x0800027b   Thumb Code     0  startup_stm32f10x_hd.o(.text)
    CAN1_RX1_IRQHandler                      0x0800027b   Thumb Code     0  startup_stm32f10x_hd.o(.text)
    CAN1_SCE_IRQHandler                      0x0800027b   Thumb Code     0  startup_stm32f10x_hd.o(.text)
    DMA1_Channel1_IRQHandler                 0x0800027b   Thumb Code     0  startup_stm32f10x_hd.o(.text)
    DMA1_Channel2_IRQHandler                 0x0800027b   Thumb Code     0  startup_stm32f10x_hd.o(.text)
    DMA1_Channel3_IRQHandler                 0x0800027b   Thumb Code     0  startup_stm32f10x_hd.o(.text)
    DMA1_Channel4_IRQHandler                 0x0800027b   Thumb Code     0  startup_stm32f10x_hd.o(.text)
    DMA1_Channel5_IRQHandler                 0x0800027b   Thumb Code     0  startup_stm32f10x_hd.o(.text)
    DMA1_Channel6_IRQHandler                 0x0800027b   Thumb Code     0  startup_stm32f10x_hd.o(.text)
    DMA1_Channel7_IRQHandler                 0x0800027b   Thumb Code     0  startup_stm32f10x_hd.o(.text)
    DMA2_Channel1_IRQHandler                 0x0800027b   Thumb Code     0  startup_stm32f10x_hd.o(.text)
    DMA2_Channel2_IRQHandler                 0x0800027b   Thumb Code     0  startup_stm32f10x_hd.o(.text)
    DMA2_Channel3_IRQHandler                 0x0800027b   Thumb Code     0  startup_stm32f10x_hd.o(.text)
    DMA2_Channel4_5_IRQHandler               0x0800027b   Thumb Code     0  startup_stm32f10x_hd.o(.text)
    EXTI0_IRQHandler                         0x0800027b   Thumb Code     0  startup_stm32f10x_hd.o(.text)
    EXTI1_IRQHandler                         0x0800027b   Thumb Code     0  startup_stm32f10x_hd.o(.text)
    EXTI2_IRQHandler                         0x0800027b   Thumb Code     0  startup_stm32f10x_hd.o(.text)
    EXTI3_IRQHandler                         0x0800027b   Thumb Code     0  startup_stm32f10x_hd.o(.text)
    EXTI4_IRQHandler                         0x0800027b   Thumb Code     0  startup_stm32f10x_hd.o(.text)
    EXTI9_5_IRQHandler                       0x0800027b   Thumb Code     0  startup_stm32f10x_hd.o(.text)
    FLASH_IRQHandler                         0x0800027b   Thumb Code     0  startup_stm32f10x_hd.o(.text)
    FSMC_IRQHandler                          0x0800027b   Thumb Code     0  startup_stm32f10x_hd.o(.text)
    I2C1_ER_IRQHandler                       0x0800027b   Thumb Code     0  startup_stm32f10x_hd.o(.text)
    I2C1_EV_IRQHandler                       0x0800027b   Thumb Code     0  startup_stm32f10x_hd.o(.text)
    I2C2_ER_IRQHandler                       0x0800027b   Thumb Code     0  startup_stm32f10x_hd.o(.text)
    I2C2_EV_IRQHandler                       0x0800027b   Thumb Code     0  startup_stm32f10x_hd.o(.text)
    PVD_IRQHandler                           0x0800027b   Thumb Code     0  startup_stm32f10x_hd.o(.text)
    RCC_IRQHandler                           0x0800027b   Thumb Code     0  startup_stm32f10x_hd.o(.text)
    RTCAlarm_IRQHandler                      0x0800027b   Thumb Code     0  startup_stm32f10x_hd.o(.text)
    RTC_IRQHandler                           0x0800027b   Thumb Code     0  startup_stm32f10x_hd.o(.text)
    SDIO_IRQHandler                          0x0800027b   Thumb Code     0  startup_stm32f10x_hd.o(.text)
    SPI1_IRQHandler                          0x0800027b   Thumb Code     0  startup_stm32f10x_hd.o(.text)
    SPI2_IRQHandler                          0x0800027b   Thumb Code     0  startup_stm32f10x_hd.o(.text)
    SPI3_IRQHandler                          0x0800027b   Thumb Code     0  startup_stm32f10x_hd.o(.text)
    TAMPER_IRQHandler                        0x0800027b   Thumb Code     0  startup_stm32f10x_hd.o(.text)
    TIM1_BRK_IRQHandler                      0x0800027b   Thumb Code     0  startup_stm32f10x_hd.o(.text)
    TIM1_CC_IRQHandler                       0x0800027b   Thumb Code     0  startup_stm32f10x_hd.o(.text)
    TIM1_TRG_COM_IRQHandler                  0x0800027b   Thumb Code     0  startup_stm32f10x_hd.o(.text)
    TIM1_UP_IRQHandler                       0x0800027b   Thumb Code     0  startup_stm32f10x_hd.o(.text)
    TIM6_IRQHandler                          0x0800027b   Thumb Code     0  startup_stm32f10x_hd.o(.text)
    TIM7_IRQHandler                          0x0800027b   Thumb Code     0  startup_stm32f10x_hd.o(.text)
    TIM8_BRK_IRQHandler                      0x0800027b   Thumb Code     0  startup_stm32f10x_hd.o(.text)
    TIM8_CC_IRQHandler                       0x0800027b   Thumb Code     0  startup_stm32f10x_hd.o(.text)
    TIM8_TRG_COM_IRQHandler                  0x0800027b   Thumb Code     0  startup_stm32f10x_hd.o(.text)
    TIM8_UP_IRQHandler                       0x0800027b   Thumb Code     0  startup_stm32f10x_hd.o(.text)
    UART4_IRQHandler                         0x0800027b   Thumb Code     0  startup_stm32f10x_hd.o(.text)
    UART5_IRQHandler                         0x0800027b   Thumb Code     0  startup_stm32f10x_hd.o(.text)
    USART2_IRQHandler                        0x0800027b   Thumb Code     0  startup_stm32f10x_hd.o(.text)
    USBWakeUp_IRQHandler                     0x0800027b   Thumb Code     0  startup_stm32f10x_hd.o(.text)
    USB_HP_CAN1_TX_IRQHandler                0x0800027b   Thumb Code     0  startup_stm32f10x_hd.o(.text)
    USB_LP_CAN1_RX0_IRQHandler               0x0800027b   Thumb Code     0  startup_stm32f10x_hd.o(.text)
    WWDG_IRQHandler                          0x0800027b   Thumb Code     0  startup_stm32f10x_hd.o(.text)
    NVIC_PriorityGroupConfig                 0x08000285   Thumb Code    10  misc.o(.text)
    NVIC_Init                                0x0800028f   Thumb Code   102  misc.o(.text)
    NVIC_SetVectorTable                      0x080002f5   Thumb Code    14  misc.o(.text)
    NVIC_SystemLPConfig                      0x08000303   Thumb Code    34  misc.o(.text)
    SysTick_CLKSourceConfig                  0x08000325   Thumb Code    40  misc.o(.text)
    GPIO_DeInit                              0x08000361   Thumb Code   172  stm32f10x_gpio.o(.text)
    GPIO_AFIODeInit                          0x0800040d   Thumb Code    20  stm32f10x_gpio.o(.text)
    GPIO_Init                                0x08000421   Thumb Code   274  stm32f10x_gpio.o(.text)
    GPIO_StructInit                          0x08000533   Thumb Code    16  stm32f10x_gpio.o(.text)
    GPIO_ReadInputDataBit                    0x08000543   Thumb Code    18  stm32f10x_gpio.o(.text)
    GPIO_ReadInputData                       0x08000555   Thumb Code     8  stm32f10x_gpio.o(.text)
    GPIO_ReadOutputDataBit                   0x0800055d   Thumb Code    18  stm32f10x_gpio.o(.text)
    GPIO_ReadOutputData                      0x0800056f   Thumb Code     8  stm32f10x_gpio.o(.text)
    GPIO_SetBits                             0x08000577   Thumb Code     4  stm32f10x_gpio.o(.text)
    GPIO_ResetBits                           0x0800057b   Thumb Code     4  stm32f10x_gpio.o(.text)
    GPIO_WriteBit                            0x0800057f   Thumb Code    10  stm32f10x_gpio.o(.text)
    GPIO_Write                               0x08000589   Thumb Code     4  stm32f10x_gpio.o(.text)
    GPIO_PinLockConfig                       0x0800058d   Thumb Code    18  stm32f10x_gpio.o(.text)
    GPIO_EventOutputConfig                   0x0800059f   Thumb Code    26  stm32f10x_gpio.o(.text)
    GPIO_EventOutputCmd                      0x080005b9   Thumb Code     6  stm32f10x_gpio.o(.text)
    GPIO_PinRemapConfig                      0x080005bf   Thumb Code   138  stm32f10x_gpio.o(.text)
    GPIO_EXTILineConfig                      0x08000649   Thumb Code    66  stm32f10x_gpio.o(.text)
    GPIO_ETH_MediaInterfaceConfig            0x0800068b   Thumb Code     6  stm32f10x_gpio.o(.text)
    RCC_DeInit                               0x080006b9   Thumb Code    64  stm32f10x_rcc.o(.text)
    RCC_HSEConfig                            0x080006f9   Thumb Code    70  stm32f10x_rcc.o(.text)
    RCC_GetFlagStatus                        0x0800073f   Thumb Code    56  stm32f10x_rcc.o(.text)
    RCC_WaitForHSEStartUp                    0x08000777   Thumb Code    48  stm32f10x_rcc.o(.text)
    RCC_AdjustHSICalibrationValue            0x080007a7   Thumb Code    20  stm32f10x_rcc.o(.text)
    RCC_HSICmd                               0x080007bb   Thumb Code     6  stm32f10x_rcc.o(.text)
    RCC_PLLConfig                            0x080007c1   Thumb Code    24  stm32f10x_rcc.o(.text)
    RCC_PLLCmd                               0x080007d9   Thumb Code     6  stm32f10x_rcc.o(.text)
    RCC_SYSCLKConfig                         0x080007df   Thumb Code    18  stm32f10x_rcc.o(.text)
    RCC_GetSYSCLKSource                      0x080007f1   Thumb Code    10  stm32f10x_rcc.o(.text)
    RCC_HCLKConfig                           0x080007fb   Thumb Code    18  stm32f10x_rcc.o(.text)
    RCC_PCLK1Config                          0x0800080d   Thumb Code    18  stm32f10x_rcc.o(.text)
    RCC_PCLK2Config                          0x0800081f   Thumb Code    20  stm32f10x_rcc.o(.text)
    RCC_ITConfig                             0x08000833   Thumb Code    30  stm32f10x_rcc.o(.text)
    RCC_USBCLKConfig                         0x08000851   Thumb Code     6  stm32f10x_rcc.o(.text)
    RCC_ADCCLKConfig                         0x08000857   Thumb Code    18  stm32f10x_rcc.o(.text)
    RCC_LSEConfig                            0x08000869   Thumb Code    44  stm32f10x_rcc.o(.text)
    RCC_LSICmd                               0x08000895   Thumb Code     6  stm32f10x_rcc.o(.text)
    RCC_RTCCLKConfig                         0x0800089b   Thumb Code    12  stm32f10x_rcc.o(.text)
    RCC_RTCCLKCmd                            0x080008a7   Thumb Code     8  stm32f10x_rcc.o(.text)
    RCC_GetClocksFreq                        0x080008af   Thumb Code   192  stm32f10x_rcc.o(.text)
    RCC_AHBPeriphClockCmd                    0x0800096f   Thumb Code    26  stm32f10x_rcc.o(.text)
    RCC_APB2PeriphClockCmd                   0x08000989   Thumb Code    26  stm32f10x_rcc.o(.text)
    RCC_APB1PeriphClockCmd                   0x080009a3   Thumb Code    26  stm32f10x_rcc.o(.text)
    RCC_APB2PeriphResetCmd                   0x080009bd   Thumb Code    26  stm32f10x_rcc.o(.text)
    RCC_APB1PeriphResetCmd                   0x080009d7   Thumb Code    26  stm32f10x_rcc.o(.text)
    RCC_BackupResetCmd                       0x080009f1   Thumb Code     8  stm32f10x_rcc.o(.text)
    RCC_ClockSecuritySystemCmd               0x080009f9   Thumb Code     6  stm32f10x_rcc.o(.text)
    RCC_MCOConfig                            0x080009ff   Thumb Code     6  stm32f10x_rcc.o(.text)
    RCC_ClearFlag                            0x08000a05   Thumb Code    14  stm32f10x_rcc.o(.text)
    RCC_GetITStatus                          0x08000a13   Thumb Code    20  stm32f10x_rcc.o(.text)
    RCC_ClearITPendingBit                    0x08000a27   Thumb Code     6  stm32f10x_rcc.o(.text)
    TIM_DeInit                               0x08000a59   Thumb Code   424  stm32f10x_tim.o(.text)
    TIM_TimeBaseInit                         0x08000c01   Thumb Code   122  stm32f10x_tim.o(.text)
    TIM_OC1Init                              0x08000c7b   Thumb Code   132  stm32f10x_tim.o(.text)
    TIM_OC2Init                              0x08000cff   Thumb Code   146  stm32f10x_tim.o(.text)
    TIM_OC3Init                              0x08000d91   Thumb Code   142  stm32f10x_tim.o(.text)
    TIM_OC4Init                              0x08000e1f   Thumb Code   174  stm32f10x_tim.o(.text)
    TIM_SetIC4Prescaler                      0x08000ecd   Thumb Code    22  stm32f10x_tim.o(.text)
    TIM_SetIC3Prescaler                      0x08000f59   Thumb Code    18  stm32f10x_tim.o(.text)
    TIM_SetIC2Prescaler                      0x08000fdd   Thumb Code    22  stm32f10x_tim.o(.text)
    TIM_SetIC1Prescaler                      0x08001069   Thumb Code    18  stm32f10x_tim.o(.text)
    TIM_ICInit                               0x080010e5   Thumb Code   150  stm32f10x_tim.o(.text)
    TIM_PWMIConfig                           0x0800117b   Thumb Code   124  stm32f10x_tim.o(.text)
    TIM_BDTRConfig                           0x080011f7   Thumb Code    32  stm32f10x_tim.o(.text)
    TIM_TimeBaseStructInit                   0x08001217   Thumb Code    18  stm32f10x_tim.o(.text)
    TIM_OCStructInit                         0x08001229   Thumb Code    20  stm32f10x_tim.o(.text)
    TIM_ICStructInit                         0x0800123d   Thumb Code    18  stm32f10x_tim.o(.text)
    TIM_BDTRStructInit                       0x0800124f   Thumb Code    18  stm32f10x_tim.o(.text)
    TIM_Cmd                                  0x08001261   Thumb Code    24  stm32f10x_tim.o(.text)
    TIM_CtrlPWMOutputs                       0x08001279   Thumb Code    50  stm32f10x_tim.o(.text)
    TIM_ITConfig                             0x080012ab   Thumb Code    24  stm32f10x_tim.o(.text)
    TIM_GenerateEvent                        0x080012c3   Thumb Code     4  stm32f10x_tim.o(.text)
    TIM_DMAConfig                            0x080012c7   Thumb Code    10  stm32f10x_tim.o(.text)
    TIM_DMACmd                               0x080012d1   Thumb Code    24  stm32f10x_tim.o(.text)
    TIM_InternalClockConfig                  0x080012e9   Thumb Code    12  stm32f10x_tim.o(.text)
    TIM_SelectInputTrigger                   0x080012f5   Thumb Code    18  stm32f10x_tim.o(.text)
    TIM_ITRxExternalClockConfig              0x08001307   Thumb Code    24  stm32f10x_tim.o(.text)
    TIM_TIxExternalClockConfig               0x0800131f   Thumb Code    62  stm32f10x_tim.o(.text)
    TIM_ETRConfig                            0x0800135d   Thumb Code    24  stm32f10x_tim.o(.text)
    TIM_ETRClockMode1Config                  0x08001375   Thumb Code    54  stm32f10x_tim.o(.text)
    TIM_ETRClockMode2Config                  0x080013ab   Thumb Code    32  stm32f10x_tim.o(.text)
    TIM_PrescalerConfig                      0x080013cb   Thumb Code     6  stm32f10x_tim.o(.text)
    TIM_CounterModeConfig                    0x080013d1   Thumb Code    18  stm32f10x_tim.o(.text)
    TIM_EncoderInterfaceConfig               0x080013e3   Thumb Code    62  stm32f10x_tim.o(.text)
    TIM_ForcedOC1Config                      0x08001421   Thumb Code    18  stm32f10x_tim.o(.text)
    TIM_ForcedOC2Config                      0x08001433   Thumb Code    22  stm32f10x_tim.o(.text)
    TIM_ForcedOC3Config                      0x08001449   Thumb Code    18  stm32f10x_tim.o(.text)
    TIM_ForcedOC4Config                      0x0800145b   Thumb Code    22  stm32f10x_tim.o(.text)
    TIM_ARRPreloadConfig                     0x08001471   Thumb Code    24  stm32f10x_tim.o(.text)
    TIM_SelectCOM                            0x08001489   Thumb Code    24  stm32f10x_tim.o(.text)
    TIM_SelectCCDMA                          0x080014a1   Thumb Code    24  stm32f10x_tim.o(.text)
    TIM_CCPreloadControl                     0x080014b9   Thumb Code    24  stm32f10x_tim.o(.text)
    TIM_OC1PreloadConfig                     0x080014d1   Thumb Code    18  stm32f10x_tim.o(.text)
    TIM_OC2PreloadConfig                     0x080014e3   Thumb Code    22  stm32f10x_tim.o(.text)
    TIM_OC3PreloadConfig                     0x080014f9   Thumb Code    18  stm32f10x_tim.o(.text)
    TIM_OC4PreloadConfig                     0x0800150b   Thumb Code    22  stm32f10x_tim.o(.text)
    TIM_OC1FastConfig                        0x08001521   Thumb Code    18  stm32f10x_tim.o(.text)
    TIM_OC2FastConfig                        0x08001533   Thumb Code    22  stm32f10x_tim.o(.text)
    TIM_OC3FastConfig                        0x08001549   Thumb Code    18  stm32f10x_tim.o(.text)
    TIM_OC4FastConfig                        0x0800155b   Thumb Code    22  stm32f10x_tim.o(.text)
    TIM_ClearOC1Ref                          0x08001571   Thumb Code    18  stm32f10x_tim.o(.text)
    TIM_ClearOC2Ref                          0x08001583   Thumb Code    20  stm32f10x_tim.o(.text)
    TIM_ClearOC3Ref                          0x08001597   Thumb Code    18  stm32f10x_tim.o(.text)
    TIM_ClearOC4Ref                          0x080015a9   Thumb Code    20  stm32f10x_tim.o(.text)
    TIM_OC1PolarityConfig                    0x080015bd   Thumb Code    18  stm32f10x_tim.o(.text)
    TIM_OC1NPolarityConfig                   0x080015cf   Thumb Code    18  stm32f10x_tim.o(.text)
    TIM_OC2PolarityConfig                    0x080015e1   Thumb Code    22  stm32f10x_tim.o(.text)
    TIM_OC2NPolarityConfig                   0x080015f7   Thumb Code    22  stm32f10x_tim.o(.text)
    TIM_OC3PolarityConfig                    0x0800160d   Thumb Code    22  stm32f10x_tim.o(.text)
    TIM_OC3NPolarityConfig                   0x08001623   Thumb Code    22  stm32f10x_tim.o(.text)
    TIM_OC4PolarityConfig                    0x08001639   Thumb Code    22  stm32f10x_tim.o(.text)
    TIM_CCxCmd                               0x0800164f   Thumb Code    34  stm32f10x_tim.o(.text)
    TIM_CCxNCmd                              0x08001671   Thumb Code    34  stm32f10x_tim.o(.text)
    TIM_SelectOCxM                           0x08001693   Thumb Code    82  stm32f10x_tim.o(.text)
    TIM_UpdateDisableConfig                  0x080016e5   Thumb Code    24  stm32f10x_tim.o(.text)
    TIM_UpdateRequestConfig                  0x080016fd   Thumb Code    24  stm32f10x_tim.o(.text)
    TIM_SelectHallSensor                     0x08001715   Thumb Code    24  stm32f10x_tim.o(.text)
    TIM_SelectOnePulseMode                   0x0800172d   Thumb Code    18  stm32f10x_tim.o(.text)
    TIM_SelectOutputTrigger                  0x0800173f   Thumb Code    18  stm32f10x_tim.o(.text)
    TIM_SelectSlaveMode                      0x08001751   Thumb Code    18  stm32f10x_tim.o(.text)
    TIM_SelectMasterSlaveMode                0x08001763   Thumb Code    18  stm32f10x_tim.o(.text)
    TIM_SetCounter                           0x08001775   Thumb Code     4  stm32f10x_tim.o(.text)
    TIM_SetAutoreload                        0x08001779   Thumb Code     4  stm32f10x_tim.o(.text)
    TIM_SetCompare1                          0x0800177d   Thumb Code     4  stm32f10x_tim.o(.text)
    TIM_SetCompare2                          0x08001781   Thumb Code     4  stm32f10x_tim.o(.text)
    TIM_SetCompare3                          0x08001785   Thumb Code     4  stm32f10x_tim.o(.text)
    TIM_SetCompare4                          0x08001789   Thumb Code     6  stm32f10x_tim.o(.text)
    TIM_SetClockDivision                     0x0800178f   Thumb Code    18  stm32f10x_tim.o(.text)
    TIM_GetCapture1                          0x080017a1   Thumb Code     6  stm32f10x_tim.o(.text)
    TIM_GetCapture2                          0x080017a7   Thumb Code     6  stm32f10x_tim.o(.text)
    TIM_GetCapture3                          0x080017ad   Thumb Code     6  stm32f10x_tim.o(.text)
    TIM_GetCapture4                          0x080017b3   Thumb Code     8  stm32f10x_tim.o(.text)
    TIM_GetCounter                           0x080017bb   Thumb Code     6  stm32f10x_tim.o(.text)
    TIM_GetPrescaler                         0x080017c1   Thumb Code     6  stm32f10x_tim.o(.text)
    TIM_GetFlagStatus                        0x080017c7   Thumb Code    18  stm32f10x_tim.o(.text)
    TIM_ClearFlag                            0x080017d9   Thumb Code     6  stm32f10x_tim.o(.text)
    TIM_GetITStatus                          0x080017df   Thumb Code    34  stm32f10x_tim.o(.text)
    TIM_ClearITPendingBit                    0x08001801   Thumb Code     6  stm32f10x_tim.o(.text)
    USART_DeInit                             0x08001809   Thumb Code   134  stm32f10x_usart.o(.text)
    USART_Init                               0x0800188f   Thumb Code   210  stm32f10x_usart.o(.text)
    USART_StructInit                         0x08001961   Thumb Code    24  stm32f10x_usart.o(.text)
    USART_ClockInit                          0x08001979   Thumb Code    34  stm32f10x_usart.o(.text)
    USART_ClockStructInit                    0x0800199b   Thumb Code    12  stm32f10x_usart.o(.text)
    USART_Cmd                                0x080019a7   Thumb Code    24  stm32f10x_usart.o(.text)
    USART_ITConfig                           0x080019bf   Thumb Code    74  stm32f10x_usart.o(.text)
    USART_DMACmd                             0x08001a09   Thumb Code    24  stm32f10x_usart.o(.text)
    USART_SetAddress                         0x08001a21   Thumb Code    18  stm32f10x_usart.o(.text)
    USART_WakeUpConfig                       0x08001a33   Thumb Code    18  stm32f10x_usart.o(.text)
    USART_ReceiverWakeUpCmd                  0x08001a45   Thumb Code    24  stm32f10x_usart.o(.text)
    USART_LINBreakDetectLengthConfig         0x08001a5d   Thumb Code    18  stm32f10x_usart.o(.text)
    USART_LINCmd                             0x08001a6f   Thumb Code    24  stm32f10x_usart.o(.text)
    USART_SendData                           0x08001a87   Thumb Code     8  stm32f10x_usart.o(.text)
    USART_ReceiveData                        0x08001a8f   Thumb Code    10  stm32f10x_usart.o(.text)
    USART_SendBreak                          0x08001a99   Thumb Code    10  stm32f10x_usart.o(.text)
    USART_SetGuardTime                       0x08001aa3   Thumb Code    16  stm32f10x_usart.o(.text)
    USART_SetPrescaler                       0x08001ab3   Thumb Code    16  stm32f10x_usart.o(.text)
    USART_SmartCardCmd                       0x08001ac3   Thumb Code    24  stm32f10x_usart.o(.text)
    USART_SmartCardNACKCmd                   0x08001adb   Thumb Code    24  stm32f10x_usart.o(.text)
    USART_HalfDuplexCmd                      0x08001af3   Thumb Code    24  stm32f10x_usart.o(.text)
    USART_OverSampling8Cmd                   0x08001b0b   Thumb Code    22  stm32f10x_usart.o(.text)
    USART_OneBitMethodCmd                    0x08001b21   Thumb Code    24  stm32f10x_usart.o(.text)
    USART_IrDAConfig                         0x08001b39   Thumb Code    18  stm32f10x_usart.o(.text)
    USART_IrDACmd                            0x08001b4b   Thumb Code    24  stm32f10x_usart.o(.text)
    USART_GetFlagStatus                      0x08001b63   Thumb Code    26  stm32f10x_usart.o(.text)
    USART_ClearFlag                          0x08001b7d   Thumb Code    18  stm32f10x_usart.o(.text)
    USART_GetITStatus                        0x08001b8f   Thumb Code    84  stm32f10x_usart.o(.text)
    USART_ClearITPendingBit                  0x08001be3   Thumb Code    50  stm32f10x_usart.o(.text)
    SystemInit                               0x08001cdd   Thumb Code    78  system_stm32f10x.o(.text)
    SystemCoreClockUpdate                    0x08001d2b   Thumb Code   142  system_stm32f10x.o(.text)
    LED_Init                                 0x08001ddd   Thumb Code    52  led.o(.text)
    KEY_Init                                 0x08001e15   Thumb Code    34  key.o(.text)
    MiniBalance_Motor_Init                   0x08001e3d   Thumb Code   200  motor.o(.text)
    MiniBalance_PWM_Init                     0x08001f05   Thumb Code   286  motor.o(.text)
    Encoder_Init_TIM2                        0x0800205d   Thumb Code   224  encoder.o(.text)
    Encoder_Init_TIM3                        0x0800213d   Thumb Code   212  encoder.o(.text)
    Encoder_Init_TIM4                        0x08002211   Thumb Code   208  encoder.o(.text)
    Encoder_Init_TIM5                        0x080022e1   Thumb Code   212  encoder.o(.text)
    Read_Encoder                             0x080023b5   Thumb Code   100  encoder.o(.text)
    TIM2_IRQHandler                          0x08002419   Thumb Code    24  encoder.o(.text)
    TIM3_IRQHandler                          0x08002431   Thumb Code    52  encoder.o(.text)
    TIM4_IRQHandler                          0x08002465   Thumb Code    18  encoder.o(.text)
    TIM5_IRQHandler                          0x08002477   Thumb Code    18  encoder.o(.text)
    InitQueue                                0x08002491   Thumb Code    62  bluetooth.o(.text)
    InQueue                                  0x080024cf   Thumb Code    60  bluetooth.o(.text)
    OutQueue                                 0x0800250b   Thumb Code    84  bluetooth.o(.text)
    InspectQueue                             0x0800255f   Thumb Code    24  bluetooth.o(.text)
    PrintQueue                               0x08002577   Thumb Code    38  bluetooth.o(.text)
    USART3_Send_Data                         0x0800259d   Thumb Code    36  bluetooth.o(.text)
    USART3_Init                              0x080025c1   Thumb Code   180  bluetooth.o(.text)
    USART3_IRQHandler                        0x08002675   Thumb Code    30  bluetooth.o(.text)
    Adc_Init                                 0x08002719   Thumb Code   278  adc.o(.text)
    Get_Adc                                  0x0800282f   Thumb Code    66  adc.o(.text)
    Get_battery_volt                         0x08002871   Thumb Code    90  adc.o(.text)
    IIC_Init                                 0x080028f1   Thumb Code    36  ioi2c.o(.text)
    IIC_Start                                0x08002915   Thumb Code    88  ioi2c.o(.text)
    IIC_Stop                                 0x0800296d   Thumb Code    62  ioi2c.o(.text)
    IIC_Wait_Ack                             0x080029ab   Thumb Code    90  ioi2c.o(.text)
    IIC_Ack                                  0x08002a05   Thumb Code    68  ioi2c.o(.text)
    IIC_NAck                                 0x08002a49   Thumb Code    64  ioi2c.o(.text)
    IIC_Send_Byte                            0x08002a89   Thumb Code    94  ioi2c.o(.text)
    i2cWrite                                 0x08002ae7   Thumb Code    96  ioi2c.o(.text)
    IIC_Read_Byte                            0x08002b47   Thumb Code    98  ioi2c.o(.text)
    i2cRead                                  0x08002ba9   Thumb Code   118  ioi2c.o(.text)
    I2C_ReadOneByte                          0x08002c1f   Thumb Code    70  ioi2c.o(.text)
    IICreadBytes                             0x08002c65   Thumb Code   102  ioi2c.o(.text)
    IICwriteBytes                            0x08002ccb   Thumb Code    98  ioi2c.o(.text)
    IICreadByte                              0x08002d2d   Thumb Code    22  ioi2c.o(.text)
    IICwriteByte                             0x08002d43   Thumb Code    20  ioi2c.o(.text)
    IICwriteBits                             0x08002d57   Thumb Code   106  ioi2c.o(.text)
    IICwriteBit                              0x08002dc1   Thumb Code    64  ioi2c.o(.text)
    MPU6050_newValues                        0x08002f0d   Thumb Code   494  mpu6050.o(.text)
    MPU6050_setClockSource                   0x080030fb   Thumb Code    20  mpu6050.o(.text)
    MPU6050_setFullScaleGyroRange            0x0800310f   Thumb Code    20  mpu6050.o(.text)
    MPU6050_setFullScaleAccelRange           0x08003123   Thumb Code    20  mpu6050.o(.text)
    MPU6050_setSleepEnabled                  0x08003137   Thumb Code    18  mpu6050.o(.text)
    MPU6050_getDeviceID                      0x08003149   Thumb Code    20  mpu6050.o(.text)
    MPU6050_testConnection                   0x0800315d   Thumb Code    18  mpu6050.o(.text)
    MPU6050_setI2CMasterModeEnabled          0x0800316f   Thumb Code    18  mpu6050.o(.text)
    MPU6050_setI2CBypassEnabled              0x08003181   Thumb Code    18  mpu6050.o(.text)
    MPU6050_initialize                       0x08003193   Thumb Code    40  mpu6050.o(.text)
    DMP_Init                                 0x080031bb   Thumb Code   194  mpu6050.o(.text)
    Read_DMP                                 0x0800327d   Thumb Code   974  mpu6050.o(.text)
    Read_Temperature                         0x0800364b   Thumb Code   110  mpu6050.o(.text)
    mpu_reg_dump                             0x0800377b   Thumb Code    72  inv_mpu.o(.text)
    mpu_read_reg                             0x080037c3   Thumb Code    66  inv_mpu.o(.text)
    mpu_set_int_latched                      0x08003805   Thumb Code   102  inv_mpu.o(.text)
    mpu_set_sensors                          0x0800386b   Thumb Code   202  inv_mpu.o(.text)
    mpu_set_bypass                           0x08003935   Thumb Code   328  inv_mpu.o(.text)
    mpu_reset_fifo                           0x08003a7d   Thumb Code   444  inv_mpu.o(.text)
    mpu_configure_fifo                       0x08003c39   Thumb Code   106  inv_mpu.o(.text)
    mpu_set_lpf                              0x08003ca3   Thumb Code   126  inv_mpu.o(.text)
    mpu_lp_accel_mode                        0x08003d21   Thumb Code   218  inv_mpu.o(.text)
    mpu_set_sample_rate                      0x08003dfb   Thumb Code   152  inv_mpu.o(.text)
    mpu_set_accel_fsr                        0x08003e93   Thumb Code   132  inv_mpu.o(.text)
    mpu_set_gyro_fsr                         0x08003f17   Thumb Code   132  inv_mpu.o(.text)
    mpu_init                                 0x08003f9b   Thumb Code   416  inv_mpu.o(.text)
    myget_ms                                 0x0800413b   Thumb Code     2  inv_mpu.o(.text)
    mpu_get_gyro_reg                         0x0800413d   Thumb Code   110  inv_mpu.o(.text)
    mpu_get_accel_reg                        0x080041ab   Thumb Code   110  inv_mpu.o(.text)
    mpu_get_temperature                      0x08004219   Thumb Code   150  inv_mpu.o(.text)
    mpu_set_accel_bias                       0x080042af   Thumb Code   468  inv_mpu.o(.text)
    mpu_get_gyro_fsr                         0x08004483   Thumb Code    64  inv_mpu.o(.text)
    mpu_get_accel_fsr                        0x080044c3   Thumb Code    72  inv_mpu.o(.text)
    mpu_get_lpf                              0x0800450b   Thumb Code    74  inv_mpu.o(.text)
    mpu_get_sample_rate                      0x08004555   Thumb Code    26  inv_mpu.o(.text)
    mpu_get_compass_sample_rate              0x0800456f   Thumb Code    10  inv_mpu.o(.text)
    mpu_set_compass_sample_rate              0x08004579   Thumb Code     8  inv_mpu.o(.text)
    mpu_get_gyro_sens                        0x08004581   Thumb Code    58  inv_mpu.o(.text)
    mpu_get_accel_sens                       0x080045bb   Thumb Code    78  inv_mpu.o(.text)
    mpu_get_fifo_config                      0x08004609   Thumb Code    12  inv_mpu.o(.text)
    mpu_get_power_state                      0x08004615   Thumb Code    22  inv_mpu.o(.text)
    mpu_get_int_status                       0x0800462b   Thumb Code    64  inv_mpu.o(.text)
    mpu_read_fifo                            0x0800466b   Thumb Code   520  inv_mpu.o(.text)
    mpu_read_fifo_stream                     0x08004873   Thumb Code   186  inv_mpu.o(.text)
    mpu_set_int_level                        0x0800492d   Thumb Code    12  inv_mpu.o(.text)
    mpu_set_dmp_state                        0x0800502b   Thumb Code   138  inv_mpu.o(.text)
    mpu_run_self_test                        0x080050b5   Thumb Code   278  inv_mpu.o(.text)
    mpu_write_mem                            0x080051cb   Thumb Code   122  inv_mpu.o(.text)
    mpu_read_mem                             0x08005245   Thumb Code   122  inv_mpu.o(.text)
    mpu_load_firmware                        0x080052bf   Thumb Code   190  inv_mpu.o(.text)
    mpu_get_dmp_state                        0x0800537d   Thumb Code    14  inv_mpu.o(.text)
    mpu_get_compass_reg                      0x0800538b   Thumb Code     8  inv_mpu.o(.text)
    mpu_get_compass_fsr                      0x08005393   Thumb Code     8  inv_mpu.o(.text)
    mpu_lp_motion_interrupt                  0x0800539b   Thumb Code   512  inv_mpu.o(.text)
    dmp_load_motion_driver_firmware          0x080055a1   Thumb Code    20  inv_mpu_dmp_motion_driver.o(.text)
    dmp_set_orientation                      0x080055b5   Thumb Code   290  inv_mpu_dmp_motion_driver.o(.text)
    dmp_set_gyro_bias                        0x080056d7   Thumb Code   310  inv_mpu_dmp_motion_driver.o(.text)
    dmp_set_accel_bias                       0x0800580d   Thumb Code   328  inv_mpu_dmp_motion_driver.o(.text)
    dmp_set_fifo_rate                        0x08005955   Thumb Code   136  inv_mpu_dmp_motion_driver.o(.text)
    dmp_get_fifo_rate                        0x080059dd   Thumb Code    12  inv_mpu_dmp_motion_driver.o(.text)
    dmp_set_tap_thresh                       0x080059e9   Thumb Code   396  inv_mpu_dmp_motion_driver.o(.text)
    dmp_set_tap_axes                         0x08005b75   Thumb Code    70  inv_mpu_dmp_motion_driver.o(.text)
    dmp_set_tap_count                        0x08005bbb   Thumb Code    38  inv_mpu_dmp_motion_driver.o(.text)
    dmp_set_tap_time                         0x08005be1   Thumb Code    38  inv_mpu_dmp_motion_driver.o(.text)
    dmp_set_tap_time_multi                   0x08005c07   Thumb Code    38  inv_mpu_dmp_motion_driver.o(.text)
    dmp_set_shake_reject_thresh              0x08005c2d   Thumb Code    56  inv_mpu_dmp_motion_driver.o(.text)
    dmp_set_shake_reject_time                0x08005c65   Thumb Code    38  inv_mpu_dmp_motion_driver.o(.text)
    dmp_set_shake_reject_timeout             0x08005c8b   Thumb Code    38  inv_mpu_dmp_motion_driver.o(.text)
    dmp_get_pedometer_step_count             0x08005cb1   Thumb Code    66  inv_mpu_dmp_motion_driver.o(.text)
    dmp_set_pedometer_step_count             0x08005cf3   Thumb Code    42  inv_mpu_dmp_motion_driver.o(.text)
    dmp_get_pedometer_walk_time              0x08005d1d   Thumb Code    72  inv_mpu_dmp_motion_driver.o(.text)
    dmp_set_pedometer_walk_time              0x08005d65   Thumb Code    48  inv_mpu_dmp_motion_driver.o(.text)
    dmp_enable_6x_lp_quat                    0x08005d95   Thumb Code    84  inv_mpu_dmp_motion_driver.o(.text)
    dmp_enable_lp_quat                       0x08005de9   Thumb Code    60  inv_mpu_dmp_motion_driver.o(.text)
    dmp_enable_gyro_cal                      0x08005e25   Thumb Code    62  inv_mpu_dmp_motion_driver.o(.text)
    dmp_enable_feature                       0x08005e63   Thumb Code   530  inv_mpu_dmp_motion_driver.o(.text)
    dmp_get_enabled_features                 0x08006075   Thumb Code    12  inv_mpu_dmp_motion_driver.o(.text)
    dmp_set_interrupt_mode                   0x080060df   Thumb Code    66  inv_mpu_dmp_motion_driver.o(.text)
    dmp_read_fifo                            0x08006121   Thumb Code   512  inv_mpu_dmp_motion_driver.o(.text)
    dmp_register_tap_cb                      0x08006321   Thumb Code    10  inv_mpu_dmp_motion_driver.o(.text)
    dmp_register_android_orient_cb           0x0800632b   Thumb Code    10  inv_mpu_dmp_motion_driver.o(.text)
    Kinematic_Analysis                       0x08006339   Thumb Code   166  control.o(.text)
    myabs                                    0x080063df   Thumb Code    14  control.o(.text)
    Set_Pwm                                  0x080063ed   Thumb Code   206  control.o(.text)
    Xianfu_Pwm                               0x080064bb   Thumb Code   114  control.o(.text)
    Get_RC                                   0x0800652d   Thumb Code   920  control.o(.text)
    Incremental_PI_D                         0x080068c5   Thumb Code   146  control.o(.text)
    Incremental_PI_C                         0x08006957   Thumb Code   146  control.o(.text)
    Incremental_PI_B                         0x080069e9   Thumb Code   146  control.o(.text)
    Incremental_PI_A                         0x08006a7b   Thumb Code   146  control.o(.text)
    EXTI15_10_IRQHandler                     0x08006b0d   Thumb Code   770  control.o(.text)
    Turn_Off                                 0x08006e0f   Thumb Code    40  control.o(.text)
    EXTI15_Init                              0x08006ec9   Thumb Code    76  exti.o(.text)
    PS2_Init                                 0x08006f1d   Thumb Code   108  pstwo.o(.text)
    PS2_Cmd                                  0x08006f89   Thumb Code   106  pstwo.o(.text)
    PS2_RedLight                             0x08006ff3   Thumb Code    48  pstwo.o(.text)
    PS2_ReadData                             0x08007023   Thumb Code   120  pstwo.o(.text)
    PS2_ClearData                            0x0800709b   Thumb Code    20  pstwo.o(.text)
    PS2_DataKey                              0x080070af   Thumb Code    70  pstwo.o(.text)
    PS2_AnologData                           0x080070f5   Thumb Code     8  pstwo.o(.text)
    PS2_Vibration                            0x080070fd   Thumb Code    90  pstwo.o(.text)
    PS2_ShortPoll                            0x08007157   Thumb Code    62  pstwo.o(.text)
    PS2_EnterConfing                         0x08007195   Thumb Code    86  pstwo.o(.text)
    PS2_TurnOnAnalogMode                     0x080071eb   Thumb Code    80  pstwo.o(.text)
    PS2_VibrationMode                        0x0800723b   Thumb Code    62  pstwo.o(.text)
    PS2_ExitConfing                          0x08007279   Thumb Code    86  pstwo.o(.text)
    PS2_SetInit                              0x080072cf   Thumb Code    28  pstwo.o(.text)
    PS2_Receive                              0x080072eb   Thumb Code   120  pstwo.o(.text)
    MY_NVIC_SetVectorTable                   0x08007369   Thumb Code    12  sys.o(.text)
    MY_NVIC_PriorityGroupConfig              0x08007375   Thumb Code    36  sys.o(.text)
    MY_NVIC_Init                             0x08007399   Thumb Code   120  sys.o(.text)
    Ex_NVIC_Config                           0x08007411   Thumb Code   144  sys.o(.text)
    MYRCC_DeInit                             0x080074a1   Thumb Code    78  sys.o(.text)
    delay_us                                 0x08007515   Thumb Code    52  systick.o(.text)
    delay_ms                                 0x08007549   Thumb Code    54  systick.o(.text)
    fputc                                    0x08007581   Thumb Code    32  usart.o(.text)
    USART1_Init                              0x080075a1   Thumb Code   174  usart.o(.text)
    USART1_IRQHandler                        0x0800764f   Thumb Code    58  usart.o(.text)
    __aeabi_ldivmod                          0x08007695   Thumb Code    90  ldiv.o(.text)
    __aeabi_llsl                             0x080076ef   Thumb Code    30  llshl.o(.text)
    _ll_shift_l                              0x080076ef   Thumb Code     0  llshl.o(.text)
    __aeabi_lasr                             0x0800770d   Thumb Code    36  llsshr.o(.text)
    _ll_sshift_r                             0x0800770d   Thumb Code     0  llsshr.o(.text)
    __aeabi_memset                           0x08007731   Thumb Code    14  memseta.o(.text)
    __aeabi_memset4                          0x08007731   Thumb Code     0  memseta.o(.text)
    __aeabi_memset8                          0x08007731   Thumb Code     0  memseta.o(.text)
    __aeabi_memclr                           0x0800773f   Thumb Code     4  memseta.o(.text)
    __aeabi_memclr4                          0x0800773f   Thumb Code     0  memseta.o(.text)
    __aeabi_memclr8                          0x0800773f   Thumb Code     0  memseta.o(.text)
    _memset$wrapper                          0x08007743   Thumb Code    20  memseta.o(.text)
    memcmp                                   0x08007757   Thumb Code    26  memcmp.o(.text)
    __aeabi_fadd                             0x08007771   Thumb Code   164  fadd.o(.text)
    __aeabi_fsub                             0x08007815   Thumb Code     6  fadd.o(.text)
    __aeabi_frsub                            0x0800781b   Thumb Code     6  fadd.o(.text)
    __aeabi_fmul                             0x08007821   Thumb Code   108  fmul.o(.text)
    __aeabi_fdiv                             0x0800788d   Thumb Code   128  fdiv.o(.text)
    __aeabi_dadd                             0x0800790d   Thumb Code   324  dadd.o(.text)
    __aeabi_dsub                             0x08007a51   Thumb Code     6  dadd.o(.text)
    __aeabi_drsub                            0x08007a57   Thumb Code     6  dadd.o(.text)
    __aeabi_dmul                             0x08007a5d   Thumb Code   224  dmul.o(.text)
    __aeabi_ddiv                             0x08007b3d   Thumb Code   222  ddiv.o(.text)
    __aeabi_i2f                              0x08007c1b   Thumb Code    18  fflti.o(.text)
    __aeabi_ui2f                             0x08007c2d   Thumb Code    10  ffltui.o(.text)
    __aeabi_ui2d                             0x08007c37   Thumb Code    26  dfltui.o(.text)
    __aeabi_f2iz                             0x08007c51   Thumb Code    50  ffixi.o(.text)
    __aeabi_f2uiz                            0x08007c83   Thumb Code    40  ffixui.o(.text)
    __aeabi_d2iz                             0x08007cab   Thumb Code    62  dfixi.o(.text)
    __aeabi_f2d                              0x08007ce9   Thumb Code    44  f2d.o(.text)
    __aeabi_d2f                              0x08007d15   Thumb Code    56  d2f.o(.text)
    __aeabi_cfcmpeq                          0x08007d4d   Thumb Code     0  cfcmple.o(.text)
    __aeabi_cfcmple                          0x08007d4d   Thumb Code    20  cfcmple.o(.text)
    __aeabi_cfrcmple                         0x08007d61   Thumb Code    20  cfrcmple.o(.text)
    __aeabi_uidiv                            0x08007d75   Thumb Code     0  uidiv.o(.text)
    __aeabi_uidivmod                         0x08007d75   Thumb Code    44  uidiv.o(.text)
    __aeabi_uldivmod                         0x08007da1   Thumb Code    98  uldiv.o(.text)
    __aeabi_llsr                             0x08007e03   Thumb Code    32  llushr.o(.text)
    _ll_ushift_r                             0x08007e03   Thumb Code     0  llushr.o(.text)
    __I$use$fp                               0x08007e23   Thumb Code     0  iusefp.o(.text)
    _float_round                             0x08007e23   Thumb Code    18  fepilogue.o(.text)
    _float_epilogue                          0x08007e35   Thumb Code    90  fepilogue.o(.text)
    _double_round                            0x08007e8f   Thumb Code    26  depilogue.o(.text)
    _double_epilogue                         0x08007ea9   Thumb Code   164  depilogue.o(.text)
    __ARM_scalbn                             0x08007f4d   Thumb Code    46  dscalb.o(.text)
    scalbn                                   0x08007f4d   Thumb Code     0  dscalb.o(.text)
    __scatterload                            0x08007f7d   Thumb Code    28  init.o(.text)
    __scatterload_rt2                        0x08007f7d   Thumb Code     0  init.o(.text)
    _dsqrt                                   0x08007fa1   Thumb Code   162  dsqrt.o(.text)
    __decompress                             0x08008043   Thumb Code     0  __dczerorl2.o(.text)
    __decompress1                            0x08008043   Thumb Code    92  __dczerorl2.o(.text)
    __0printf$3                              0x080080a1   Thumb Code    22  printf3.o(i.__0printf$3)
    __1printf$3                              0x080080a1   Thumb Code     0  printf3.o(i.__0printf$3)
    __2printf                                0x080080a1   Thumb Code     0  printf3.o(i.__0printf$3)
    __ARM_fpclassify                         0x080080c1   Thumb Code    40  fpclassify.o(i.__ARM_fpclassify)
    __kernel_poly                            0x080080e9   Thumb Code   170  poly.o(i.__kernel_poly)
    __mathlib_dbl_underflow                  0x08008195   Thumb Code    10  dunder.o(i.__mathlib_dbl_underflow)
    __scatterload_copy                       0x080081a5   Thumb Code    14  handlers.o(i.__scatterload_copy)
    __scatterload_null                       0x080081b3   Thumb Code     2  handlers.o(i.__scatterload_null)
    __scatterload_zeroinit                   0x080081b5   Thumb Code    14  handlers.o(i.__scatterload_zeroinit)
    __set_errno                              0x080081c5   Thumb Code     6  errno.o(i.__set_errno)
    asin                                     0x08008385   Thumb Code   584  asin.o(i.asin)
    atan                                     0x08008601   Thumb Code   478  atan.o(i.atan)
    atan2                                    0x08008825   Thumb Code   346  atan2.o(i.atan2)
    free                                     0x080089a5   Thumb Code    76  malloc.o(i.free)
    malloc                                   0x080089f5   Thumb Code    92  malloc.o(i.malloc)
    sqrt                                     0x08008a61   Thumb Code    78  sqrt.o(i.sqrt)
    hw                                       0x08008ab0   Data          12  inv_mpu.o(.constdata)
    reg                                      0x08008abc   Data          27  inv_mpu.o(.constdata)
    test                                     0x08008ad8   Data          40  inv_mpu.o(.constdata)
    __mathlib_zero                           0x08009830   Data           8  qnan.o(.constdata)
    Region$$Table$$Base                      0x08009838   Number         0  anon$$obj.o(Region$$Table)
    Region$$Table$$Limit                     0x08009858   Number         0  anon$$obj.o(Region$$Table)
    Flag_Direction                           0x20000000   Data           1  moebius.o(.data)
    Flag_Stop                                0x20000001   Data           1  moebius.o(.data)
    Flag_Show                                0x20000002   Data           1  moebius.o(.data)
    Target_A                                 0x20000004   Data           4  moebius.o(.data)
    Target_B                                 0x20000008   Data           4  moebius.o(.data)
    Target_C                                 0x2000000c   Data           4  moebius.o(.data)
    Target_D                                 0x20000010   Data           4  moebius.o(.data)
    Run_Flag                                 0x20000014   Data           1  moebius.o(.data)
    CAN_ON_Flag                              0x20000015   Data           1  moebius.o(.data)
    Usart_ON_Flag                            0x20000016   Data           1  moebius.o(.data)
    PS2_ON_Flag                              0x20000017   Data           1  moebius.o(.data)
    Position_KP                              0x20000018   Data           4  moebius.o(.data)
    Position_KI                              0x2000001c   Data           4  moebius.o(.data)
    Position_KD                              0x20000020   Data           4  moebius.o(.data)
    Velocity_KP                              0x20000024   Data           4  moebius.o(.data)
    Velocity_KI                              0x20000028   Data           4  moebius.o(.data)
    RC_Velocity                              0x2000002c   Data           4  moebius.o(.data)
    RC_Position                              0x20000030   Data           4  moebius.o(.data)
    Flag_Left                                0x20000034   Data           1  moebius.o(.data)
    Flag_Right                               0x20000035   Data           1  moebius.o(.data)
    Encoder_A                                0x20000038   Data           4  moebius.o(.data)
    Encoder_B                                0x2000003c   Data           4  moebius.o(.data)
    Encoder_C                                0x20000040   Data           4  moebius.o(.data)
    Encoder_D                                0x20000044   Data           4  moebius.o(.data)
    Position_A                               0x20000048   Data           4  moebius.o(.data)
    Position_B                               0x2000004c   Data           4  moebius.o(.data)
    Position_C                               0x20000050   Data           4  moebius.o(.data)
    Position_D                               0x20000054   Data           4  moebius.o(.data)
    Rate_A                                   0x20000058   Data           4  moebius.o(.data)
    Rate_B                                   0x2000005c   Data           4  moebius.o(.data)
    Rate_C                                   0x20000060   Data           4  moebius.o(.data)
    Rate_D                                   0x20000064   Data           4  moebius.o(.data)
    Encoder_A_EXTI                           0x20000068   Data           4  moebius.o(.data)
    Motor_A                                  0x2000006c   Data           4  moebius.o(.data)
    Motor_B                                  0x20000070   Data           4  moebius.o(.data)
    Motor_C                                  0x20000074   Data           4  moebius.o(.data)
    Motor_D                                  0x20000078   Data           4  moebius.o(.data)
    Voltage                                  0x2000007c   Data           4  moebius.o(.data)
    Show_Data_Mb                             0x20000080   Data           4  moebius.o(.data)
    delay_50                                 0x20000084   Data           1  moebius.o(.data)
    delay_flag                               0x20000085   Data           1  moebius.o(.data)
    rxbuf                                    0x20000086   Data           8  moebius.o(.data)
    Urxbuf                                   0x2000008e   Data           8  moebius.o(.data)
    Usart_Flag                               0x20000096   Data           1  moebius.o(.data)
    PID_Send                                 0x20000097   Data           1  moebius.o(.data)
    Flash_Send                               0x20000098   Data           1  moebius.o(.data)
    txbuf                                    0x20000099   Data           8  moebius.o(.data)
    txbuf2                                   0x200000a1   Data           8  moebius.o(.data)
    Turn_Flag                                0x200000a9   Data           1  moebius.o(.data)
    Pitch                                    0x200000ac   Data           4  moebius.o(.data)
    Roll                                     0x200000b0   Data           4  moebius.o(.data)
    Yaw                                      0x200000b4   Data           4  moebius.o(.data)
    Move_X                                   0x200000b8   Data           4  moebius.o(.data)
    Move_Y                                   0x200000bc   Data           4  moebius.o(.data)
    Move_Z                                   0x200000c0   Data           4  moebius.o(.data)
    PS2_LX                                   0x200000c4   Data           4  moebius.o(.data)
    PS2_LY                                   0x200000c8   Data           4  moebius.o(.data)
    PS2_RX                                   0x200000cc   Data           4  moebius.o(.data)
    PS2_RY                                   0x200000d0   Data           4  moebius.o(.data)
    PS2_KEY                                  0x200000d4   Data           4  moebius.o(.data)
    Gryo_Z                                   0x200000d8   Data           4  moebius.o(.data)
    SystemCoreClock                          0x200000f0   Data           4  system_stm32f10x.o(.data)
    AHBPrescTable                            0x200000f4   Data          16  system_stm32f10x.o(.data)
    QueueSize                                0x20000104   Data           4  bluetooth.o(.data)
    Uart_Queue                               0x20000108   Data           4  bluetooth.o(.data)
    q0                                       0x2000010c   Data           4  mpu6050.o(.data)
    q1                                       0x20000110   Data           4  mpu6050.o(.data)
    q2                                       0x20000114   Data           4  mpu6050.o(.data)
    q3                                       0x20000118   Data           4  mpu6050.o(.data)
    Gx_offset                                0x20000126   Data           2  mpu6050.o(.data)
    Gy_offset                                0x20000128   Data           2  mpu6050.o(.data)
    Gz_offset                                0x2000012a   Data           2  mpu6050.o(.data)
    gyro                                     0x2000012c   Data           6  mpu6050.o(.data)
    accel                                    0x20000132   Data           6  mpu6050.o(.data)
    sensors                                  0x20000138   Data           2  mpu6050.o(.data)
    Gyro_K                                   0x20000168   Data           4  control.o(.data)
    TimClk                                   0x2000016c   Data           4  control.o(.data)
    Target_Z                                 0x200001a0   Data           1  control.o(.data)
    Flag_Target                              0x200001a1   Data           1  control.o(.data)
    Flag_Change                              0x200001a2   Data           1  control.o(.data)
    PS2_BLU                                  0x200001a3   Data           1  control.o(.data)
    temp1                                    0x200001a4   Data           1  control.o(.data)
    Voltage_Count                            0x200001a8   Data           4  control.o(.data)
    Voltage_All                              0x200001ac   Data           4  control.o(.data)
    Gyro_Bias                                0x200001b0   Data           4  control.o(.data)
    j                                        0x200001b4   Data           4  control.o(.data)
    Comd                                     0x200001b8   Data           2  pstwo.o(.data)
    MASK                                     0x200001ba   Data          32  pstwo.o(.data)
    Handkey                                  0x200001da   Data           2  pstwo.o(.data)
    Usart1_Buf                               0x200001dc   Data           1  usart.o(.data)
    __stdout                                 0x200001e0   Data           4  stdout.o(.data)
    __microlib_freelist                      0x200001e4   Data           4  mvars.o(.data)
    __microlib_freelist_initialised          0x200001e8   Data           4  mvars.o(.data)
    buffer                                   0x200001f0   Data          14  mpu6050.o(.bss)
    MPU6050_FIFO                             0x200001fe   Data         132  mpu6050.o(.bss)
    Data                                     0x20000294   Data           9  pstwo.o(.bss)
    __heap_base                              0x200002a0   Data           0  startup_stm32f10x_hd.o(HEAP)
    __heap_limit                             0x200004a0   Data           0  startup_stm32f10x_hd.o(HEAP)
    __initial_sp                             0x200008a0   Data           0  startup_stm32f10x_hd.o(STACK)



==============================================================================

Memory Map of the image

  Image Entry point : 0x08000131

  Load Region LR_IROM1 (Base: 0x08000000, Size: 0x00009a48, Max: 0x00040000, ABSOLUTE, COMPRESSED[0x000098c8])

    Execution Region ER_IROM1 (Exec base: 0x08000000, Load base: 0x08000000, Size: 0x00009858, Max: 0x00040000, ABSOLUTE)

    Exec Addr    Load Addr    Size         Type   Attr      Idx    E Section Name        Object

    0x08000000   0x08000000   0x00000130   Data   RO          191    RESET               startup_stm32f10x_hd.o
    0x08000130   0x08000130   0x00000000   Code   RO          675  * .ARM.Collect$$$$00000000  mc_w.l(entry.o)
    0x08000130   0x08000130   0x00000004   Code   RO         1034    .ARM.Collect$$$$00000001  mc_w.l(entry2.o)
    0x08000134   0x08000134   0x00000004   Code   RO         1037    .ARM.Collect$$$$00000004  mc_w.l(entry5.o)
    0x08000138   0x08000138   0x00000000   Code   RO         1039    .ARM.Collect$$$$00000008  mc_w.l(entry7b.o)
    0x08000138   0x08000138   0x00000008   Code   RO         1040    .ARM.Collect$$$$00000009  mc_w.l(entry8.o)
    0x08000140   0x08000140   0x00000004   Code   RO         1035    .ARM.Collect$$$$00002712  mc_w.l(entry2.o)
    0x08000144   0x08000144   0x0000011c   Code   RO            1    .text               moebius.o
    0x08000260   0x08000260   0x00000024   Code   RO          192    .text               startup_stm32f10x_hd.o
    0x08000284   0x08000284   0x000000dc   Code   RO          197    .text               misc.o
    0x08000360   0x08000360   0x00000358   Code   RO          209    .text               stm32f10x_gpio.o
    0x080006b8   0x080006b8   0x000003a0   Code   RO          221    .text               stm32f10x_rcc.o
    0x08000a58   0x08000a58   0x00000dae   Code   RO          235    .text               stm32f10x_tim.o
    0x08001806   0x08001806   0x00000002   PAD
    0x08001808   0x08001808   0x0000040c   Code   RO          247    .text               stm32f10x_usart.o
    0x08001c14   0x08001c14   0x000001c8   Code   RO          295    .text               system_stm32f10x.o
    0x08001ddc   0x08001ddc   0x00000038   Code   RO          323    .text               led.o
    0x08001e14   0x08001e14   0x00000028   Code   RO          342    .text               key.o
    0x08001e3c   0x08001e3c   0x00000220   Code   RO          357    .text               motor.o
    0x0800205c   0x0800205c   0x00000434   Code   RO          372    .text               encoder.o
    0x08002490   0x08002490   0x00000288   Code   RO          387    .text               bluetooth.o
    0x08002718   0x08002718   0x000001d8   Code   RO          420    .text               adc.o
    0x080028f0   0x080028f0   0x00000510   Code   RO          435    .text               ioi2c.o
    0x08002e00   0x08002e00   0x000008f0   Code   RO          450    .text               mpu6050.o
    0x080036f0   0x080036f0   0x00001eb0   Code   RO          474    .text               inv_mpu.o
    0x080055a0   0x080055a0   0x00000d98   Code   RO          497    .text               inv_mpu_dmp_motion_driver.o
    0x08006338   0x08006338   0x00000b90   Code   RO          543    .text               control.o
    0x08006ec8   0x08006ec8   0x00000054   Code   RO          570    .text               exti.o
    0x08006f1c   0x08006f1c   0x0000044c   Code   RO          585    .text               pstwo.o
    0x08007368   0x08007368   0x000001ac   Code   RO          604    .text               sys.o
    0x08007514   0x08007514   0x0000006a   Code   RO          626    .text               systick.o
    0x0800757e   0x0800757e   0x00000002   PAD
    0x08007580   0x08007580   0x00000114   Code   RO          638    .text               usart.o
    0x08007694   0x08007694   0x0000005a   Code   RO          678    .text               mc_w.l(ldiv.o)
    0x080076ee   0x080076ee   0x0000001e   Code   RO          680    .text               mc_w.l(llshl.o)
    0x0800770c   0x0800770c   0x00000024   Code   RO          682    .text               mc_w.l(llsshr.o)
    0x08007730   0x08007730   0x00000026   Code   RO          684    .text               mc_w.l(memseta.o)
    0x08007756   0x08007756   0x0000001a   Code   RO          686    .text               mc_w.l(memcmp.o)
    0x08007770   0x08007770   0x000000b0   Code   RO          977    .text               mf_w.l(fadd.o)
    0x08007820   0x08007820   0x0000006c   Code   RO          979    .text               mf_w.l(fmul.o)
    0x0800788c   0x0800788c   0x00000080   Code   RO          981    .text               mf_w.l(fdiv.o)
    0x0800790c   0x0800790c   0x00000150   Code   RO          983    .text               mf_w.l(dadd.o)
    0x08007a5c   0x08007a5c   0x000000e0   Code   RO          985    .text               mf_w.l(dmul.o)
    0x08007b3c   0x08007b3c   0x000000de   Code   RO          987    .text               mf_w.l(ddiv.o)
    0x08007c1a   0x08007c1a   0x00000012   Code   RO          989    .text               mf_w.l(fflti.o)
    0x08007c2c   0x08007c2c   0x0000000a   Code   RO          991    .text               mf_w.l(ffltui.o)
    0x08007c36   0x08007c36   0x0000001a   Code   RO          993    .text               mf_w.l(dfltui.o)
    0x08007c50   0x08007c50   0x00000032   Code   RO          995    .text               mf_w.l(ffixi.o)
    0x08007c82   0x08007c82   0x00000028   Code   RO          997    .text               mf_w.l(ffixui.o)
    0x08007caa   0x08007caa   0x0000003e   Code   RO          999    .text               mf_w.l(dfixi.o)
    0x08007ce8   0x08007ce8   0x0000002c   Code   RO         1001    .text               mf_w.l(f2d.o)
    0x08007d14   0x08007d14   0x00000038   Code   RO         1003    .text               mf_w.l(d2f.o)
    0x08007d4c   0x08007d4c   0x00000014   Code   RO         1005    .text               mf_w.l(cfcmple.o)
    0x08007d60   0x08007d60   0x00000014   Code   RO         1007    .text               mf_w.l(cfrcmple.o)
    0x08007d74   0x08007d74   0x0000002c   Code   RO         1042    .text               mc_w.l(uidiv.o)
    0x08007da0   0x08007da0   0x00000062   Code   RO         1044    .text               mc_w.l(uldiv.o)
    0x08007e02   0x08007e02   0x00000020   Code   RO         1046    .text               mc_w.l(llushr.o)
    0x08007e22   0x08007e22   0x00000000   Code   RO         1061    .text               mc_w.l(iusefp.o)
    0x08007e22   0x08007e22   0x0000006c   Code   RO         1062    .text               mf_w.l(fepilogue.o)
    0x08007e8e   0x08007e8e   0x000000be   Code   RO         1064    .text               mf_w.l(depilogue.o)
    0x08007f4c   0x08007f4c   0x0000002e   Code   RO         1066    .text               mf_w.l(dscalb.o)
    0x08007f7a   0x08007f7a   0x00000002   PAD
    0x08007f7c   0x08007f7c   0x00000024   Code   RO         1072    .text               mc_w.l(init.o)
    0x08007fa0   0x08007fa0   0x000000a2   Code   RO         1074    .text               mf_w.l(dsqrt.o)
    0x08008042   0x08008042   0x0000005c   Code   RO         1086    .text               mc_w.l(__dczerorl2.o)
    0x0800809e   0x0800809e   0x00000002   PAD
    0x080080a0   0x080080a0   0x00000020   Code   RO          777    i.__0printf$3       mc_w.l(printf3.o)
    0x080080c0   0x080080c0   0x00000028   Code   RO         1021    i.__ARM_fpclassify  m_ws.l(fpclassify.o)
    0x080080e8   0x080080e8   0x000000aa   Code   RO         1023    i.__kernel_poly     m_ws.l(poly.o)
    0x08008192   0x08008192   0x00000002   PAD
    0x08008194   0x08008194   0x00000010   Code   RO         1019    i.__mathlib_dbl_underflow  m_ws.l(dunder.o)
    0x080081a4   0x080081a4   0x0000000e   Code   RO         1080    i.__scatterload_copy  mc_w.l(handlers.o)
    0x080081b2   0x080081b2   0x00000002   Code   RO         1081    i.__scatterload_null  mc_w.l(handlers.o)
    0x080081b4   0x080081b4   0x0000000e   Code   RO         1082    i.__scatterload_zeroinit  mc_w.l(handlers.o)
    0x080081c2   0x080081c2   0x00000002   PAD
    0x080081c4   0x080081c4   0x0000000c   Code   RO         1056    i.__set_errno       mc_w.l(errno.o)
    0x080081d0   0x080081d0   0x000001b4   Code   RO          784    i._printf_core      mc_w.l(printf3.o)
    0x08008384   0x08008384   0x0000027c   Code   RO          658    i.asin              m_ws.l(asin.o)
    0x08008600   0x08008600   0x00000224   Code   RO         1010    i.atan              m_ws.l(atan.o)
    0x08008824   0x08008824   0x00000180   Code   RO          668    i.atan2             m_ws.l(atan2.o)
    0x080089a4   0x080089a4   0x00000050   Code   RO          949    i.free              mc_w.l(malloc.o)
    0x080089f4   0x080089f4   0x0000006c   Code   RO          950    i.malloc            mc_w.l(malloc.o)
    0x08008a60   0x08008a60   0x0000004e   Code   RO         1027    i.sqrt              m_ws.l(sqrt.o)
    0x08008aae   0x08008aae   0x00000002   PAD
    0x08008ab0   0x08008ab0   0x0000009e   Data   RO          475    .constdata          inv_mpu.o
    0x08008b4e   0x08008b4e   0x00000bf6   Data   RO          499    .constdata          inv_mpu_dmp_motion_driver.o
    0x08009744   0x08009744   0x00000004   PAD
    0x08009748   0x08009748   0x00000050   Data   RO          659    .constdata          m_ws.l(asin.o)
    0x08009798   0x08009798   0x00000098   Data   RO         1011    .constdata          m_ws.l(atan.o)
    0x08009830   0x08009830   0x00000008   Data   RO         1025    .constdata          m_ws.l(qnan.o)
    0x08009838   0x08009838   0x00000020   Data   RO         1078    Region$$Table       anon$$obj.o


    Execution Region RW_IRAM1 (Exec base: 0x20000000, Load base: 0x08009858, Size: 0x000008a0, Max: 0x0000c000, ABSOLUTE, COMPRESSED[0x00000070])

    Exec Addr    Load Addr    Size         Type   Attr      Idx    E Section Name        Object

    0x20000000   COMPRESSED   0x000000dc   Data   RW            3    .data               moebius.o
    0x200000dc   COMPRESSED   0x00000014   Data   RW          222    .data               stm32f10x_rcc.o
    0x200000f0   COMPRESSED   0x00000014   Data   RW          296    .data               system_stm32f10x.o
    0x20000104   COMPRESSED   0x00000008   Data   RW          388    .data               bluetooth.o
    0x2000010c   COMPRESSED   0x0000002e   Data   RW          452    .data               mpu6050.o
    0x2000013a   COMPRESSED   0x00000002   PAD
    0x2000013c   COMPRESSED   0x0000002c   Data   RW          476    .data               inv_mpu.o
    0x20000168   COMPRESSED   0x00000050   Data   RW          544    .data               control.o
    0x200001b8   COMPRESSED   0x00000024   Data   RW          587    .data               pstwo.o
    0x200001dc   COMPRESSED   0x00000001   Data   RW          639    .data               usart.o
    0x200001dd   COMPRESSED   0x00000003   PAD
    0x200001e0   COMPRESSED   0x00000004   Data   RW         1041    .data               mc_w.l(stdout.o)
    0x200001e4   COMPRESSED   0x00000004   Data   RW         1052    .data               mc_w.l(mvars.o)
    0x200001e8   COMPRESSED   0x00000004   Data   RW         1053    .data               mc_w.l(mvars.o)
    0x200001ec   COMPRESSED   0x00000004   Data   RW         1057    .data               mc_w.l(errno.o)
    0x200001f0        -       0x00000092   Zero   RW          451    .bss                mpu6050.o
    0x20000282   COMPRESSED   0x00000002   PAD
    0x20000284        -       0x00000010   Zero   RW          498    .bss                inv_mpu_dmp_motion_driver.o
    0x20000294        -       0x00000009   Zero   RW          586    .bss                pstwo.o
    0x2000029d   COMPRESSED   0x00000003   PAD
    0x200002a0        -       0x00000200   Zero   RW          190    HEAP                startup_stm32f10x_hd.o
    0x200004a0        -       0x00000400   Zero   RW          189    STACK               startup_stm32f10x_hd.o


==============================================================================

Image component sizes


      Code (inc. data)   RO Data    RW Data    ZI Data      Debug   Object Name

       472         38          0          0          0        988   adc.o
       648        134          0          8          0       2975   bluetooth.o
      2960        356          0         80          0       5020   control.o
      1076         36          0          0          0       1903   encoder.o
        84          8          0          0          0        446   exti.o
      7856        174        158         44          0      21563   inv_mpu.o
      3480        124       3062          0         16      15103   inv_mpu_dmp_motion_driver.o
      1296         26          0          0          0       5686   ioi2c.o
        40          6          0          0          0        455   key.o
        56          4          0          0          0        463   led.o
       220         20          0          0          0       1857   misc.o
       284         48          0        220          0     259343   moebius.o
       544         58          0          0          0        946   motor.o
      2288        460          0         46        146      20767   mpu6050.o
      1100         72          0         36          9       3775   pstwo.o
        36          8        304          0       1536        820   startup_stm32f10x_hd.o
       856         40          0          0          0       5793   stm32f10x_gpio.o
       928         44          0         20          0       8968   stm32f10x_rcc.o
      3502         86          0          0          0      22964   stm32f10x_tim.o
      1036         20          0          0          0       8540   stm32f10x_usart.o
       428         38          0          0          0       1650   sys.o
       456         36          0         20          0       1855   system_stm32f10x.o
       106          0          0          0          0        656   systick.o
       276         12          0          1          0       1275   usart.o

    ----------------------------------------------------------------------
     30032       1848       3560        480       1712     393811   Object Totals
         0          0         32          0          0          0   (incl. Generated)
         4          0          4          5          5          0   (incl. Padding)

    ----------------------------------------------------------------------

      Code (inc. data)   RO Data    RW Data    ZI Data      Debug   Library Member Name

       636         52         80          0          0        176   asin.o
       548         70        152          0          0        128   atan.o
       384         38          0          0          0        144   atan2.o
        16          6          0          0          0         68   dunder.o
        40          0          0          0          0         68   fpclassify.o
       170          0          0          0          0         96   poly.o
         0          0          8          0          0          0   qnan.o
        78          0          0          0          0         84   sqrt.o
        92          0          0          0          0          0   __dczerorl2.o
         0          0          0          0          0          0   entry.o
         8          4          0          0          0          0   entry2.o
         4          0          0          0          0          0   entry5.o
         0          0          0          0          0          0   entry7b.o
         8          4          0          0          0          0   entry8.o
        12          6          0          4          0         68   errno.o
        30          0          0          0          0          0   handlers.o
        36          8          0          0          0         68   init.o
         0          0          0          0          0          0   iusefp.o
        90          0          0          0          0         84   ldiv.o
        30          0          0          0          0         68   llshl.o
        36          0          0          0          0         68   llsshr.o
        32          0          0          0          0         68   llushr.o
       188         20          0          0          0        160   malloc.o
        26          0          0          0          0         80   memcmp.o
        38          0          0          0          0        108   memseta.o
         0          0          0          8          0          0   mvars.o
       468         14          0          0          0        180   printf3.o
         0          0          0          4          0          0   stdout.o
        44          0          0          0          0         80   uidiv.o
        98          0          0          0          0         92   uldiv.o
        20          0          0          0          0         68   cfcmple.o
        20          0          0          0          0         68   cfrcmple.o
        56          0          0          0          0         88   d2f.o
       336          0          0          0          0        148   dadd.o
       222          0          0          0          0        100   ddiv.o
       190          0          0          0          0        176   depilogue.o
        62          0          0          0          0         80   dfixi.o
        26          0          0          0          0         76   dfltui.o
       224          0          0          0          0         96   dmul.o
        46          0          0          0          0         80   dscalb.o
       162          0          0          0          0        100   dsqrt.o
        44          0          0          0          0         68   f2d.o
       176          0          0          0          0        140   fadd.o
       128          0          0          0          0         88   fdiv.o
       108          0          0          0          0        168   fepilogue.o
        50          0          0          0          0         68   ffixi.o
        40          0          0          0          0         68   ffixui.o
        18          0          0          0          0         68   fflti.o
        10          0          0          0          0         68   ffltui.o
       108          0          0          0          0         76   fmul.o

    ----------------------------------------------------------------------
      5168        222        240         16          0       3780   Library Totals
        10          0          0          0          0          0   (incl. Padding)

    ----------------------------------------------------------------------

      Code (inc. data)   RO Data    RW Data    ZI Data      Debug   Library Name

      1872        166        240          0          0        764   m_ws.l
      1240         56          0         16          0       1124   mc_w.l
      2046          0          0          0          0       1892   mf_w.l

    ----------------------------------------------------------------------
      5168        222        240         16          0       3780   Library Totals

    ----------------------------------------------------------------------

==============================================================================


      Code (inc. data)   RO Data    RW Data    ZI Data      Debug   

     35200       2070       3800        496       1712     393275   Grand Totals
     35200       2070       3800        112       1712     393275   ELF Image Totals (compressed)
     35200       2070       3800        112          0          0   ROM Totals

==============================================================================

    Total RO  Size (Code + RO Data)                39000 (  38.09kB)
    Total RW  Size (RW Data + ZI Data)              2208 (   2.16kB)
    Total ROM Size (Code + RO Data + RW Data)      39112 (  38.20kB)

==============================================================================

